// Vitest Snapshot v1, https://vitest.dev/guide/snapshot.html

exports[`E2E App Structure (Nuxt 4) > API > returns the rendered email from app/emails as HTML 1`] = `
"<!DOCTYPE html PUBLIC "-//W3C//DTD XHTML 1.0 Transitional//EN" "http://www.w3.org/TR/xhtml1/DTD/xhtml1-transitional.dtd"><html lang="en" dir="ltr"><head><meta http-equiv="Content-Type" content="text/html; charset=UTF-8"><meta name="x-apple-disable-message-reformatting"></head> <div style="display:none;overflow:hidden;line-height:1px;opacity:0;max-height:0;max-width:0;">Test email from app/emails directory (Nuxt 4 structure)<div> ‌​‍‎‏﻿ ‌​‍‎‏﻿ ‌​‍‎‏﻿ ‌​‍‎‏﻿ ‌​‍‎‏﻿ ‌​‍‎‏﻿ ‌​‍‎‏﻿ ‌​‍‎‏﻿ ‌​‍‎‏﻿ ‌​‍‎‏﻿ ‌​‍‎‏﻿ ‌​‍‎‏﻿ ‌​‍‎‏﻿ ‌​‍‎‏﻿ ‌​‍‎‏﻿ ‌​‍‎‏﻿ ‌​‍‎‏﻿ ‌​‍‎‏﻿ ‌​‍‎‏﻿ ‌​‍‎‏﻿ ‌​‍‎‏﻿ ‌​‍‎‏﻿ ‌​‍‎‏﻿ ‌​‍‎‏﻿ ‌​‍‎‏﻿ ‌​‍‎‏﻿ ‌​‍‎‏﻿ ‌​‍‎‏﻿ ‌​‍‎‏﻿ ‌​‍‎‏﻿ ‌​‍‎‏﻿ ‌​‍‎‏﻿ ‌​‍‎‏﻿ ‌​‍‎‏﻿ ‌​‍‎‏﻿ ‌​‍‎‏﻿ ‌​‍‎‏﻿ ‌​‍‎‏﻿ ‌​‍‎‏﻿ ‌​‍‎‏﻿ ‌​‍‎‏﻿ ‌​‍‎‏﻿ ‌​‍‎‏﻿ ‌​‍‎‏﻿ ‌​‍‎‏﻿ ‌​‍‎‏﻿ ‌​‍‎‏﻿ ‌​‍‎‏﻿ ‌​‍‎‏﻿ ‌​‍‎‏﻿ ‌​‍‎‏﻿ ‌​‍‎‏﻿ ‌​‍‎‏﻿ ‌​‍‎‏﻿ ‌​‍‎‏﻿ ‌​‍‎‏﻿ ‌​‍‎‏﻿ ‌​‍‎‏﻿ ‌​‍‎‏﻿ ‌​‍‎‏﻿ ‌​‍‎‏﻿ ‌​‍‎‏﻿ ‌​‍‎‏﻿ ‌​‍‎‏﻿ ‌​‍‎‏﻿ ‌​‍‎‏﻿ ‌​‍‎‏﻿ ‌​‍‎‏﻿ ‌​‍‎‏﻿ ‌​‍‎‏﻿ ‌​‍‎‏﻿ ‌​‍‎‏﻿ ‌​‍‎‏﻿ ‌​‍‎‏﻿ ‌​‍‎‏﻿ ‌​‍‎‏﻿ ‌​‍‎‏﻿ ‌​‍‎‏﻿ ‌​‍‎‏﻿ ‌​‍‎‏﻿ ‌​‍‎‏﻿ ‌​‍‎‏﻿ ‌​‍‎‏﻿ ‌​‍‎‏﻿ ‌​‍‎‏﻿ ‌​‍‎‏﻿ ‌​‍‎‏﻿ ‌​‍‎‏﻿ ‌​‍‎‏﻿ ‌​‍‎‏﻿ ‌​‍‎‏﻿ ‌​‍‎‏﻿ ‌​‍‎‏﻿ ‌​‍‎‏﻿ ‌​‍‎‏﻿</div></div> <body style=""><table border="0" width="100%" cellpadding="0" cellspacing="0" role="presentation" align="center"><tbody><tr><td style="background-color:#ffffff;font-family:-apple-system, BlinkMacSystemFont, &#39;Segoe UI&#39;, &#39;Roboto&#39;, &#39;Oxygen&#39;, &#39;Ubuntu&#39;, &#39;Cantarell&#39;, &#39;Fira Sans&#39;, &#39;Droid Sans&#39;, &#39;Helvetica Neue&#39;, sans-serif;"><table align="center" width="100%" role="presentation" cellspacing="0" cellpadding="0" border="0" style="max-width:600px;background-color:#ffffff;border-radius:8px;border:1px solid #e5e7eb;margin:40px auto;padding:20px;"><tbody><tr style="width: 100%"><td><table align="center" width="100%" border="0" cellpadding="0" cellspacing="0" role="presentation" style="padding:20px 0;"><tbody><tr><td><h1 style="color:#1f2937;font-size:32px;font-weight:bold;text-align:center;margin:0 0 20px 0;">Welcome from app/emails! 🎉</h1> <p style="font-size:14px;line-height:24px;margin:0 0 16px 0;color:#374151;font-size:16px;line-height:1.6;">
            This email template is served from the app/emails directory using Nuxt 4 file structure.
          </p></td></tr></tbody></table></td></tr></tbody></table></td></tr></tbody></table></body></html>"
`;

exports[`E2E App Structure (Nuxt 4) > API > returns the rendered email from app/emails with props as HTML 1`] = `
"<!DOCTYPE html PUBLIC "-//W3C//DTD XHTML 1.0 Transitional//EN" "http://www.w3.org/TR/xhtml1/DTD/xhtml1-transitional.dtd"><html lang="en" dir="ltr"><head><meta http-equiv="Content-Type" content="text/html; charset=UTF-8"><meta name="x-apple-disable-message-reformatting"></head> <div style="display:none;overflow:hidden;line-height:1px;opacity:0;max-height:0;max-width:0;">Test email from app/emails directory (Nuxt 4 structure)<div> ‌​‍‎‏﻿ ‌​‍‎‏﻿ ‌​‍‎‏﻿ ‌​‍‎‏﻿ ‌​‍‎‏﻿ ‌​‍‎‏﻿ ‌​‍‎‏﻿ ‌​‍‎‏﻿ ‌​‍‎‏﻿ ‌​‍‎‏﻿ ‌​‍‎‏﻿ ‌​‍‎‏﻿ ‌​‍‎‏﻿ ‌​‍‎‏﻿ ‌​‍‎‏﻿ ‌​‍‎‏﻿ ‌​‍‎‏﻿ ‌​‍‎‏﻿ ‌​‍‎‏﻿ ‌​‍‎‏﻿ ‌​‍‎‏﻿ ‌​‍‎‏﻿ ‌​‍‎‏﻿ ‌​‍‎‏﻿ ‌​‍‎‏﻿ ‌​‍‎‏﻿ ‌​‍‎‏﻿ ‌​‍‎‏﻿ ‌​‍‎‏﻿ ‌​‍‎‏﻿ ‌​‍‎‏﻿ ‌​‍‎‏﻿ ‌​‍‎‏﻿ ‌​‍‎‏﻿ ‌​‍‎‏﻿ ‌​‍‎‏﻿ ‌​‍‎‏﻿ ‌​‍‎‏﻿ ‌​‍‎‏﻿ ‌​‍‎‏﻿ ‌​‍‎‏﻿ ‌​‍‎‏﻿ ‌​‍‎‏﻿ ‌​‍‎‏﻿ ‌​‍‎‏﻿ ‌​‍‎‏﻿ ‌​‍‎‏﻿ ‌​‍‎‏﻿ ‌​‍‎‏﻿ ‌​‍‎‏﻿ ‌​‍‎‏﻿ ‌​‍‎‏﻿ ‌​‍‎‏﻿ ‌​‍‎‏﻿ ‌​‍‎‏﻿ ‌​‍‎‏﻿ ‌​‍‎‏﻿ ‌​‍‎‏﻿ ‌​‍‎‏﻿ ‌​‍‎‏﻿ ‌​‍‎‏﻿ ‌​‍‎‏﻿ ‌​‍‎‏﻿ ‌​‍‎‏﻿ ‌​‍‎‏﻿ ‌​‍‎‏﻿ ‌​‍‎‏﻿ ‌​‍‎‏﻿ ‌​‍‎‏﻿ ‌​‍‎‏﻿ ‌​‍‎‏﻿ ‌​‍‎‏﻿ ‌​‍‎‏﻿ ‌​‍‎‏﻿ ‌​‍‎‏﻿ ‌​‍‎‏﻿ ‌​‍‎‏﻿ ‌​‍‎‏﻿ ‌​‍‎‏﻿ ‌​‍‎‏﻿ ‌​‍‎‏﻿ ‌​‍‎‏﻿ ‌​‍‎‏﻿ ‌​‍‎‏﻿ ‌​‍‎‏﻿ ‌​‍‎‏﻿ ‌​‍‎‏﻿ ‌​‍‎‏﻿ ‌​‍‎‏﻿ ‌​‍‎‏﻿ ‌​‍‎‏﻿ ‌​‍‎‏﻿ ‌​‍‎‏﻿ ‌​‍‎‏﻿ ‌​‍‎‏﻿</div></div> <body style=""><table border="0" width="100%" cellpadding="0" cellspacing="0" role="presentation" align="center"><tbody><tr><td style="background-color:#ffffff;font-family:-apple-system, BlinkMacSystemFont, &#39;Segoe UI&#39;, &#39;Roboto&#39;, &#39;Oxygen&#39;, &#39;Ubuntu&#39;, &#39;Cantarell&#39;, &#39;Fira Sans&#39;, &#39;Droid Sans&#39;, &#39;Helvetica Neue&#39;, sans-serif;"><table align="center" width="100%" role="presentation" cellspacing="0" cellpadding="0" border="0" style="max-width:600px;background-color:#ffffff;border-radius:8px;border:1px solid #e5e7eb;margin:40px auto;padding:20px;"><tbody><tr style="width: 100%"><td><table align="center" width="100%" border="0" cellpadding="0" cellspacing="0" role="presentation" style="padding:20px 0;"><tbody><tr><td><h1 style="color:#1f2937;font-size:32px;font-weight:bold;text-align:center;margin:0 0 20px 0;">Custom Heading from App</h1> <p style="font-size:14px;line-height:24px;margin:0 0 16px 0;color:#374151;font-size:16px;line-height:1.6;">
            This email template is served from the app/emails directory using Nuxt 4 file structure.
          </p></td></tr></tbody></table></td></tr></tbody></table></td></tr></tbody></table></body></html>"
`;
