// Vitest Snapshot v1, https://vitest.dev/guide/snapshot.html

exports[`EBody Component > renders correctly 1`] = `"<!DOCTYPE html PUBLIC "-//W3C//DTD XHTML 1.0 Transitional//EN" "http://www.w3.org/TR/xhtml1/DTD/xhtml1-transitional.dtd"><body style=""><table border="0" width="100%" cellpadding="0" cellspacing="0" role="presentation" align="center"><tbody><tr><td style="">Lorem ipsum</td></tr></tbody></table></body>"`;
