// Vitest Snapshot v1, https://vitest.dev/guide/snapshot.html

exports[`<EHead> component > renders correctly 1`] = `"<!DOCTYPE html PUBLIC "-//W3C//DTD XHTML 1.0 Transitional//EN" "http://www.w3.org/TR/xhtml1/DTD/xhtml1-transitional.dtd"><head><meta http-equiv="Content-Type" content="text/html; charset=UTF-8"><meta name="x-apple-disable-message-reformatting">Lorem ipsum</head>"`;

exports[`<EHead> component > renders style tags 1`] = `
"<!DOCTYPE html PUBLIC "-//W3C//DTD XHTML 1.0 Transitional//EN" "http://www.w3.org/TR/xhtml1/DTD/xhtml1-transitional.dtd"><head style="body{
            color:red;"><meta http-equiv="Content-Type" content="text/html; charset=UTF-8"><meta name="x-apple-disable-message-reformatting"></head>"
`;
