// Vitest Snapshot v1, https://vitest.dev/guide/snapshot.html

exports[`<EContainer> component > renders correctly 1`] = `"<!DOCTYPE html PUBLIC "-//W3C//DTD XHTML 1.0 Transitional//EN" "http://www.w3.org/TR/xhtml1/DTD/xhtml1-transitional.dtd"><table align="center" width="100%" role="presentation" cellspacing="0" cellpadding="0" border="0" style="max-width:37.5em;"><tbody><tr style="width: 100%"><td>Lorem ipsum</td></tr></tbody></table>"`;
